Traceback (most recent call last):
  File "/usr/local/python/3.12.1/lib/python3.12/site-packages/jupyter_cache/executors/utils.py", line 58, in single_nb_execution
    executenb(
  File "/home/codespace/.local/lib/python3.12/site-packages/nbclient/client.py", line 1323, in execute
    return NotebookClient(nb=nb, resources=resources, km=km, **kwargs).execute()
           ^^^^^^^^^^^^^^^^^^^^^^^^^^^^^^^^^^^^^^^^^^^^^^^^^^^^^^^^^^^^^^^^^^^^^
  File "/home/codespace/.local/lib/python3.12/site-packages/jupyter_core/utils/__init__.py", line 165, in wrapped
    return loop.run_until_complete(inner)
           ^^^^^^^^^^^^^^^^^^^^^^^^^^^^^^
  File "/usr/local/python/3.12.1/lib/python3.12/asyncio/base_events.py", line 684, in run_until_complete
    return future.result()
           ^^^^^^^^^^^^^^^
  File "/home/codespace/.local/lib/python3.12/site-packages/nbclient/client.py", line 709, in async_execute
    await self.async_execute_cell(
  File "/home/codespace/.local/lib/python3.12/site-packages/nbclient/client.py", line 1062, in async_execute_cell
    await self._check_raise_for_error(cell, cell_index, exec_reply)
  File "/home/codespace/.local/lib/python3.12/site-packages/nbclient/client.py", line 918, in _check_raise_for_error
    raise CellExecutionError.from_cell_and_msg(cell, exec_reply_content)
nbclient.exceptions.CellExecutionError: An error occurred while executing the following cell:
------------------
import math

# DATASET
tb = [150, 155, 160, 170, 175, 180]
bb = [45, 50, 55, 65, 70, 75]

target = 165

print("DATASET")
print("Tinggi Badan :", tb)
print("Berat Badan  :", bb)
print("Target TB    :", target)
print()

# 1. Selisih
selisih = []
for t in tb:
    s = t - target
    selisih.append(s)

print("SELISIH :", selisih)

# 2. Kuadrat
kuadrat = []
for s in selisih:
    k = s**2
    kuadrat.append(k)

print("KUADRAT :", kuadrat)


# 3. Bobot (w = 1/d)
bobot = []
for d in jarak:
    w = 1/d
    bobot.append(w)

print("BOBOT :", bobot)

# 4. Bobot x Berat Badan
bobot_bb = []
for i in range(len(bb)):
    hasil = bobot[i] * bb[i]
    bobot_bb.append(hasil)

print("BOBOT x BB :", bobot_bb)

# 5. Total bobot
total_bobot = 0
for b in bobot:
    total_bobot += b

print("TOTAL BOBOT =", total_bobot)

# 6. Total bobot x berat badan
total_bobot_bb = 0
for x in bobot_bb:
    total_bobot_bb += x

print("TOTAL BOBOT x BB =", total_bobot_bb)

# 7. Estimasi
estimasi = total_bobot_bb / total_bobot

print("HASIL ESTIMASI BERAT BADAN =", estimasi)
------------------

----- stdout -----
DATASET
Tinggi Badan : [150, 155, 160, 170, 175, 180]
Berat Badan  : [45, 50, 55, 65, 70, 75]
Target TB    : 165

SELISIH : [-15, -10, -5, 5, 10, 15]
KUADRAT : [225, 100, 25, 25, 100, 225]
------------------

[31m---------------------------------------------------------------------------[39m
[31mNameError[39m                                 Traceback (most recent call last)
[36mCell[39m[36m [39m[32mIn[1][39m[32m, line 34[39m
[32m     32[39m [38;5;66;03m# 3. Bobot (w = 1/d)[39;00m
[32m     33[39m bobot = []
[32m---> [39m[32m34[39m [38;5;28;01mfor[39;00m d [38;5;129;01min[39;00m [43mjarak[49m:
[32m     35[39m     w = [32m1[39m/d
[32m     36[39m     bobot.append(w)

[31mNameError[39m: name 'jarak' is not defined

